// Jest Snapshot v1, https://goo.gl/fbAQLP

exports[`ConfigItemsTable component should render without crashing 1`] = `"<div class=\\"sc-dExYQz fgRzQE  reqore-layout-wrapper\\"><div class=\\"sc-dKfzgJ hihhTq  reqore-control-group\\"><button color=\\"#454545\\" class=\\"sc-beqWaB sc-fmSAUk esRcIf bxkaGv  reqore-control reqore-button\\"><div class=\\"sc-fGFwAa ODHBY\\"><span style=\\"width: 17px; height: 17px;\\" class=\\"sc-beqWaB sc-dmqHEX esRcIf bfRRLa  reqore-icon\\"><svg stroke=\\"currentColor\\" fill=\\"currentColor\\" stroke-width=\\"0\\" viewBox=\\"0 0 24 24\\" style=\\"vertical-align: super;\\" height=\\"17\\" width=\\"17\\" xmlns=\\"http://www.w3.org/2000/svg\\"><g><path fill=\\"none\\" d=\\"M0 0h24v24H0z\\"></path><path d=\\"M9.55 11.5a2.25 2.25 0 1 1 0-4.5 2.25 2.25 0 0 1 0 4.5zm.45 8.248V16.4c0-.488.144-.937.404-1.338a6.473 6.473 0 0 0-5.033 1.417A8.012 8.012 0 0 0 10 19.749zM4.453 14.66A8.462 8.462 0 0 1 9.5 13c1.043 0 2.043.188 2.967.532.878-.343 1.925-.532 3.033-.532 1.66 0 3.185.424 4.206 1.156a8 8 0 1 0-15.253.504zm14.426 1.426C18.486 15.553 17.171 15 15.5 15c-2.006 0-3.5.797-3.5 1.4V20a7.996 7.996 0 0 0 6.88-3.914zM12 22C6.477 22 2 17.523 2 12S6.477 2 12 2s10 4.477 10 10-4.477 10-10 10zm3.5-9.5a2 2 0 1 1 0-4 2 2 0 0 1 0 4z\\"></path></g></svg></span><div width=\\"11\\" class=\\"sc-eDDNvR jNNPUL reqore-spacer\\"><div width=\\"11\\" class=\\"sc-jTrPJq gfkkIN\\"></div><span width=\\"11\\" class=\\"sc-beqWaB sc-gLDzan esRcIf dHEViq\\"></span><div width=\\"11\\" class=\\"sc-jTrPJq gfkkIN\\"></div></div><span class=\\"sc-fbJfA cMDFNM\\"><span class=\\"sc-beqWaB sc-gueYoa sc-brKeYL esRcIf hMqoKs dsBDik\\">Show config items by group</span><span class=\\"sc-beqWaB sc-gueYoa sc-ktEKTO esRcIf hMqoKs hFPgVZ\\">Show config items by group</span><span class=\\"sc-beqWaB sc-gueYoa sc-hAtEyd esRcIf hMqoKs gBQPfP\\">Show config items by group</span></span><div width=\\"11\\" class=\\"sc-eDDNvR jNNPUL reqore-spacer\\"><div width=\\"11\\" class=\\"sc-jTrPJq gfkkIN\\"></div><span width=\\"11\\" class=\\"sc-beqWaB sc-gLDzan esRcIf dHEViq\\"></span><div width=\\"11\\" class=\\"sc-jTrPJq gfkkIN\\"></div></div><span style=\\"width: 17px; height: 17px; margin-left: auto;\\" class=\\"sc-beqWaB sc-dmqHEX esRcIf bfRRLa  reqore-icon\\"><svg stroke=\\"currentColor\\" fill=\\"currentColor\\" stroke-width=\\"0\\" viewBox=\\"0 0 24 24\\" style=\\"vertical-align: super;\\" height=\\"17\\" width=\\"17\\" xmlns=\\"http://www.w3.org/2000/svg\\"><g><path fill=\\"none\\" d=\\"M0 0h24v24H0z\\"></path><path d=\\"M9.55 11.5a2.25 2.25 0 1 1 0-4.5 2.25 2.25 0 0 1 0 4.5zm.45 8.248V16.4c0-.488.144-.937.404-1.338a6.473 6.473 0 0 0-5.033 1.417A8.012 8.012 0 0 0 10 19.749zM4.453 14.66A8.462 8.462 0 0 1 9.5 13c1.043 0 2.043.188 2.967.532.878-.343 1.925-.532 3.033-.532 1.66 0 3.185.424 4.206 1.156a8 8 0 1 0-15.253.504zm14.426 1.426C18.486 15.553 17.171 15 15.5 15c-2.006 0-3.5.797-3.5 1.4V20a7.996 7.996 0 0 0 6.88-3.914zM12 22C6.477 22 2 17.523 2 12S6.477 2 12 2s10 4.477 10 10-4.477 10-10 10zm3.5-9.5a2 2 0 1 1 0-4 2 2 0 0 1 0 4z\\"></path></g></svg></span></div></button></div><div height=\\"10\\" class=\\"sc-eDDNvR UUdpz reqore-spacer\\"><div height=\\"10\\" class=\\"sc-jTrPJq jaVZG\\"></div><span height=\\"10\\" class=\\"sc-beqWaB sc-gLDzan esRcIf fZlffK\\"></span><div height=\\"10\\" class=\\"sc-jTrPJq jaVZG\\"></div></div><div class=\\"sc-beqWaB sc-kiLEMZ esRcIf dbCnZF  reqore-panel\\" opacity=\\"0\\"><div class=\\"sc-gUrTyy gRAnLK reqore-panel-content\\"><div class=\\"sc-faCEWe kGUGam sc-kafWEX ljSXgp reqore-table\\"><div class=\\"sc-dskThN dNhmJL reqore-table-header-wrapper\\"><div class=\\"sc-ftWlEF ikhBN\\"><div class=\\"sc-kGTyPW iTSvEq  reqore-table-header-cell\\"><span class=\\"sc-hNeXkk VqShn\\">Name</span><span style=\\"width: 13px; height: 13px; opacity: 1;\\" class=\\"sc-beqWaB sc-dmqHEX esRcIf ijraPy  reqore-icon\\"><svg stroke=\\"currentColor\\" fill=\\"currentColor\\" stroke-width=\\"0\\" viewBox=\\"0 0 24 24\\" style=\\"vertical-align: super;\\" height=\\"13px\\" width=\\"13px\\" xmlns=\\"http://www.w3.org/2000/svg\\"><g><path fill=\\"none\\" d=\\"M0 0h24v24H0z\\"></path><path d=\\"M13 12v8h-2v-8H4l8-8 8 8z\\"></path></g></svg></span></div><div class=\\"sc-kGTyPW iPihcd  reqore-table-header-cell\\"><span class=\\"sc-hNeXkk VqShn\\">Group</span><span style=\\"width: 13px; height: 13px; opacity: 0.2;\\" class=\\"sc-beqWaB sc-dmqHEX esRcIf ijraPy  reqore-icon\\"><svg stroke=\\"currentColor\\" fill=\\"currentColor\\" stroke-width=\\"0\\" viewBox=\\"0 0 24 24\\" style=\\"vertical-align: super;\\" height=\\"13px\\" width=\\"13px\\" xmlns=\\"http://www.w3.org/2000/svg\\"><g><path fill=\\"none\\" d=\\"M0 0h24v24H0z\\"></path><path d=\\"M13 12v8h-2v-8H4l8-8 8 8z\\"></path></g></svg></span></div><div class=\\"sc-kGTyPW iPihcd  reqore-table-header-cell\\"><span class=\\"sc-hNeXkk VqShn\\">Value</span><span style=\\"width: 13px; height: 13px; opacity: 0.2;\\" class=\\"sc-beqWaB sc-dmqHEX esRcIf ijraPy  reqore-icon\\"><svg stroke=\\"currentColor\\" fill=\\"currentColor\\" stroke-width=\\"0\\" viewBox=\\"0 0 24 24\\" style=\\"vertical-align: super;\\" height=\\"13px\\" width=\\"13px\\" xmlns=\\"http://www.w3.org/2000/svg\\"><g><path fill=\\"none\\" d=\\"M0 0h24v24H0z\\"></path><path d=\\"M13 12v8h-2v-8H4l8-8 8 8z\\"></path></g></svg></span></div><div class=\\"sc-kGTyPW cItRnI  reqore-table-header-cell\\" width=\\"150\\"><span class=\\"sc-hNeXkk VqShn\\">Actions</span></div><div class=\\"sc-kGTyPW kzFYIA  reqore-table-header-cell\\" width=\\"100\\"><span class=\\"sc-hNeXkk VqShn\\">Strictly local</span><span style=\\"width: 13px; height: 13px; opacity: 0.2;\\" class=\\"sc-beqWaB sc-dmqHEX esRcIf ijraPy  reqore-icon\\"><svg stroke=\\"currentColor\\" fill=\\"currentColor\\" stroke-width=\\"0\\" viewBox=\\"0 0 24 24\\" style=\\"vertical-align: super;\\" height=\\"13px\\" width=\\"13px\\" xmlns=\\"http://www.w3.org/2000/svg\\"><g><path fill=\\"none\\" d=\\"M0 0h24v24H0z\\"></path><path d=\\"M13 12v8h-2v-8H4l8-8 8 8z\\"></path></g></svg></span></div><div class=\\"sc-kGTyPW kzFYIA  reqore-table-header-cell\\" width=\\"100\\"><span class=\\"sc-hNeXkk VqShn\\">Level</span><span style=\\"width: 13px; height: 13px; opacity: 0.2;\\" class=\\"sc-beqWaB sc-dmqHEX esRcIf ijraPy  reqore-icon\\"><svg stroke=\\"currentColor\\" fill=\\"currentColor\\" stroke-width=\\"0\\" viewBox=\\"0 0 24 24\\" style=\\"vertical-align: super;\\" height=\\"13px\\" width=\\"13px\\" xmlns=\\"http://www.w3.org/2000/svg\\"><g><path fill=\\"none\\" d=\\"M0 0h24v24H0z\\"></path><path d=\\"M13 12v8h-2v-8H4l8-8 8 8z\\"></path></g></svg></span></div><div class=\\"sc-kGTyPW kzFYIA  reqore-table-header-cell\\" width=\\"100\\"><span class=\\"sc-hNeXkk VqShn\\">Type</span><span style=\\"width: 13px; height: 13px; opacity: 0.2;\\" class=\\"sc-beqWaB sc-dmqHEX esRcIf ijraPy  reqore-icon\\"><svg stroke=\\"currentColor\\" fill=\\"currentColor\\" stroke-width=\\"0\\" viewBox=\\"0 0 24 24\\" style=\\"vertical-align: super;\\" height=\\"13px\\" width=\\"13px\\" xmlns=\\"http://www.w3.org/2000/svg\\"><g><path fill=\\"none\\" d=\\"M0 0h24v24H0z\\"></path><path d=\\"M13 12v8h-2v-8H4l8-8 8 8z\\"></path></g></svg></span></div></div></div><div class=\\"reqore-table-body\\" style=\\"position: relative; height: 300px; overflow: auto; will-change: transform; direction: ltr;\\"><div style=\\"height: 0px; width: 100%;\\"></div></div></div></div></div></div><div id=\\"reqore-portal\\" class=\\"sc-fGjrnr dZvVxx\\"></div>"`;
